<html>
<body>
<pre>
<h1>µVision Build Log</h1>
<h2>Project:</h2>
C:\Keil\Labware\Lab13_DAC\Lab13.uvproj
Project File Date:  02/07/2020

<h2>Output:</h2>
Rebuild target 'Lab13'
assembling startup.s...
compiling Lab13.c...
compiling Sound.c...
compiling DAC.c...
compiling Piano.c...
linking...
Program Size: Code=6484 RO-data=9420 RW-data=80 ZI-data=1816  
".\Lab13.axf" - 0 Error(s), 0 Warning(s).
Load "C:\\Keil\\Labware\\Lab13_DAC\\Lab13.axf" 
Connecting: Mode=JTAG, Speed=1000000Hz
Erase Done.
Programming Done.
Verify OK.
ash Download failed  -  Target DLL has been cancelled
Load "C:\\Keil\\Labware\\Lab13_DAC\\Lab13.axf" 
Connecting: Mode=JTAG, Speed=1000000Hz
Connection failed!, error code=&d
Error: Flash Download failed  -  Target DLL has been cancelled
s, 4 errors
compiling Sound.c...
compiling DAC.c...
compiling Piano.c...
".\Lab13.axf" - 4 Error(s), 2 Warning(s).
Target not created
