<html>
<body>
<pre>
<h1>µVision Build Log</h1>
<h2>Project:</h2>
C:\Keil\Labware\Lab12_TuningFork\Lab12.uvproj
Project File Date:  01/25/2020

<h2>Output:</h2>
Build target 'Lab12'
compiling TuningFork.c...
linking...
Program Size: Code=5468 RO-data=7336 RW-data=84 ZI-data=1756  
".\Lab12.axf" - 0 Error(s), 0 Warning(s).
Load "C:\\Keil\\Labware\\Lab12_TuningFork\\Lab12.axf" 
Connecting: Mode=JTAG, Speed=1000000Hz
Erase Done.
Programming Done.
Verify OK.
em clock to 80 MHz
TuningFork.c: 0 warnings, 2 errors
".\Lab12.axf" - 2 Error(s), 0 Warning(s).
Target not created
